------------------------------------------------------------
Timing Analyzer Summary
------------------------------------------------------------

Type  : Slow 1200mV 85C Model Setup 'VGA_DISP|C|altpll_component|auto_generated|pll1|clk[0]'
Slack : -17.238
TNS   : -605.018

Type  : Slow 1200mV 85C Model Setup 'VGA:VGA_DISP|SYNC:C1|VSYNC'
Slack : -6.792
TNS   : -486.243

Type  : Slow 1200mV 85C Model Setup 'VGA_DISP|C1|paddlePositions|qsys_u0|altpll|sd1|pll7|clk[1]'
Slack : 36.497
TNS   : 0.000

Type  : Slow 1200mV 85C Model Hold 'VGA:VGA_DISP|SYNC:C1|VSYNC'
Slack : 0.325
TNS   : 0.000

Type  : Slow 1200mV 85C Model Hold 'VGA_DISP|C|altpll_component|auto_generated|pll1|clk[0]'
Slack : 0.402
TNS   : 0.000

Type  : Slow 1200mV 85C Model Hold 'VGA_DISP|C1|paddlePositions|qsys_u0|altpll|sd1|pll7|clk[1]'
Slack : 0.567
TNS   : 0.000

Type  : Slow 1200mV 85C Model Recovery 'VGA_DISP|C1|paddlePositions|qsys_u0|altpll|sd1|pll7|clk[1]'
Slack : 37.719
TNS   : 0.000

Type  : Slow 1200mV 85C Model Removal 'VGA_DISP|C1|paddlePositions|qsys_u0|altpll|sd1|pll7|clk[1]'
Slack : 1.152
TNS   : 0.000

Type  : Slow 1200mV 85C Model Minimum Pulse Width 'VGA:VGA_DISP|SYNC:C1|VSYNC'
Slack : -1.222
TNS   : -108.758

Type  : Slow 1200mV 85C Model Minimum Pulse Width 'MAX10_CLK1_50'
Slack : 9.777
TNS   : 0.000

Type  : Slow 1200mV 85C Model Minimum Pulse Width 'VGA_DISP|C|altpll_component|auto_generated|pll1|clk[0]'
Slack : 19.525
TNS   : 0.000

Type  : Slow 1200mV 85C Model Minimum Pulse Width 'VGA_DISP|C1|paddlePositions|qsys_u0|altpll|sd1|pll7|clk[1]'
Slack : 19.753
TNS   : 0.000

Type  : Slow 1200mV 85C Model Minimum Pulse Width 'VGA_DISP|C1|paddlePositions|qsys_u0|altpll|sd1|pll7|clk[0]'
Slack : 93.699
TNS   : 0.000

Type  : Slow 1200mV 0C Model Setup 'VGA_DISP|C|altpll_component|auto_generated|pll1|clk[0]'
Slack : -15.202
TNS   : -500.734

Type  : Slow 1200mV 0C Model Setup 'VGA:VGA_DISP|SYNC:C1|VSYNC'
Slack : -6.055
TNS   : -433.924

Type  : Slow 1200mV 0C Model Setup 'VGA_DISP|C1|paddlePositions|qsys_u0|altpll|sd1|pll7|clk[1]'
Slack : 36.669
TNS   : 0.000

Type  : Slow 1200mV 0C Model Hold 'VGA:VGA_DISP|SYNC:C1|VSYNC'
Slack : 0.295
TNS   : 0.000

Type  : Slow 1200mV 0C Model Hold 'VGA_DISP|C|altpll_component|auto_generated|pll1|clk[0]'
Slack : 0.331
TNS   : 0.000

Type  : Slow 1200mV 0C Model Hold 'VGA_DISP|C1|paddlePositions|qsys_u0|altpll|sd1|pll7|clk[1]'
Slack : 0.441
TNS   : 0.000

Type  : Slow 1200mV 0C Model Recovery 'VGA_DISP|C1|paddlePositions|qsys_u0|altpll|sd1|pll7|clk[1]'
Slack : 37.805
TNS   : 0.000

Type  : Slow 1200mV 0C Model Removal 'VGA_DISP|C1|paddlePositions|qsys_u0|altpll|sd1|pll7|clk[1]'
Slack : 0.989
TNS   : 0.000

Type  : Slow 1200mV 0C Model Minimum Pulse Width 'VGA:VGA_DISP|SYNC:C1|VSYNC'
Slack : -1.222
TNS   : -108.758

Type  : Slow 1200mV 0C Model Minimum Pulse Width 'MAX10_CLK1_50'
Slack : 9.784
TNS   : 0.000

Type  : Slow 1200mV 0C Model Minimum Pulse Width 'VGA_DISP|C|altpll_component|auto_generated|pll1|clk[0]'
Slack : 19.543
TNS   : 0.000

Type  : Slow 1200mV 0C Model Minimum Pulse Width 'VGA_DISP|C1|paddlePositions|qsys_u0|altpll|sd1|pll7|clk[1]'
Slack : 19.654
TNS   : 0.000

Type  : Slow 1200mV 0C Model Minimum Pulse Width 'VGA_DISP|C1|paddlePositions|qsys_u0|altpll|sd1|pll7|clk[0]'
Slack : 93.703
TNS   : 0.000

Type  : Fast 1200mV 0C Model Setup 'VGA_DISP|C|altpll_component|auto_generated|pll1|clk[0]'
Slack : -8.296
TNS   : -288.607

Type  : Fast 1200mV 0C Model Setup 'VGA:VGA_DISP|SYNC:C1|VSYNC'
Slack : -2.846
TNS   : -190.874

Type  : Fast 1200mV 0C Model Setup 'VGA_DISP|C1|paddlePositions|qsys_u0|altpll|sd1|pll7|clk[1]'
Slack : 38.124
TNS   : 0.000

Type  : Fast 1200mV 0C Model Hold 'VGA:VGA_DISP|SYNC:C1|VSYNC'
Slack : 0.147
TNS   : 0.000

Type  : Fast 1200mV 0C Model Hold 'VGA_DISP|C|altpll_component|auto_generated|pll1|clk[0]'
Slack : 0.196
TNS   : 0.000

Type  : Fast 1200mV 0C Model Hold 'VGA_DISP|C1|paddlePositions|qsys_u0|altpll|sd1|pll7|clk[1]'
Slack : 0.292
TNS   : 0.000

Type  : Fast 1200mV 0C Model Recovery 'VGA_DISP|C1|paddlePositions|qsys_u0|altpll|sd1|pll7|clk[1]'
Slack : 38.733
TNS   : 0.000

Type  : Fast 1200mV 0C Model Removal 'VGA_DISP|C1|paddlePositions|qsys_u0|altpll|sd1|pll7|clk[1]'
Slack : 0.565
TNS   : 0.000

Type  : Fast 1200mV 0C Model Minimum Pulse Width 'VGA:VGA_DISP|SYNC:C1|VSYNC'
Slack : -1.000
TNS   : -89.000

Type  : Fast 1200mV 0C Model Minimum Pulse Width 'MAX10_CLK1_50'
Slack : 9.530
TNS   : 0.000

Type  : Fast 1200mV 0C Model Minimum Pulse Width 'VGA_DISP|C|altpll_component|auto_generated|pll1|clk[0]'
Slack : 19.580
TNS   : 0.000

Type  : Fast 1200mV 0C Model Minimum Pulse Width 'VGA_DISP|C1|paddlePositions|qsys_u0|altpll|sd1|pll7|clk[1]'
Slack : 19.731
TNS   : 0.000

Type  : Fast 1200mV 0C Model Minimum Pulse Width 'VGA_DISP|C1|paddlePositions|qsys_u0|altpll|sd1|pll7|clk[0]'
Slack : 94.227
TNS   : 0.000

------------------------------------------------------------
